// Jest Snapshot v1, https://goo.gl/fbAQLP

exports[`Header renders 1`] = `
Object {
  "asFragment": [Function],
  "baseElement": <body>
    <div>
      <div>
        <div
          class="header-wrapper"
        >
          <a
            class="header__item"
            data-testid="home-link"
            href="/"
          >
            Home
          </a>
          <a
            class="header__item"
            data-testid="about-link"
            href="/about"
          >
            About Us
          </a>
          <a
            class="header__item header__item__profile"
            data-testid="profile-link"
            href="/profile"
          >
            Profile
          </a>
        </div>
      </div>
    </div>
  </body>,
  "container": <div>
    <div>
      <div
        class="header-wrapper"
      >
        <a
          class="header__item"
          data-testid="home-link"
          href="/"
        >
          Home
        </a>
        <a
          class="header__item"
          data-testid="about-link"
          href="/about"
        >
          About Us
        </a>
        <a
          class="header__item header__item__profile"
          data-testid="profile-link"
          href="/profile"
        >
          Profile
        </a>
      </div>
    </div>
  </div>,
  "debug": [Function],
  "findAllByAltText": [Function],
  "findAllByDisplayValue": [Function],
  "findAllByLabelText": [Function],
  "findAllByPlaceholderText": [Function],
  "findAllByRole": [Function],
  "findAllByTestId": [Function],
  "findAllByText": [Function],
  "findAllByTitle": [Function],
  "findByAltText": [Function],
  "findByDisplayValue": [Function],
  "findByLabelText": [Function],
  "findByPlaceholderText": [Function],
  "findByRole": [Function],
  "findByTestId": [Function],
  "findByText": [Function],
  "findByTitle": [Function],
  "getAllByAltText": [Function],
  "getAllByDisplayValue": [Function],
  "getAllByLabelText": [Function],
  "getAllByPlaceholderText": [Function],
  "getAllByRole": [Function],
  "getAllByTestId": [Function],
  "getAllByText": [Function],
  "getAllByTitle": [Function],
  "getByAltText": [Function],
  "getByDisplayValue": [Function],
  "getByLabelText": [Function],
  "getByPlaceholderText": [Function],
  "getByRole": [Function],
  "getByTestId": [Function],
  "getByText": [Function],
  "getByTitle": [Function],
  "queryAllByAltText": [Function],
  "queryAllByDisplayValue": [Function],
  "queryAllByLabelText": [Function],
  "queryAllByPlaceholderText": [Function],
  "queryAllByRole": [Function],
  "queryAllByTestId": [Function],
  "queryAllByText": [Function],
  "queryAllByTitle": [Function],
  "queryByAltText": [Function],
  "queryByDisplayValue": [Function],
  "queryByLabelText": [Function],
  "queryByPlaceholderText": [Function],
  "queryByRole": [Function],
  "queryByTestId": [Function],
  "queryByText": [Function],
  "queryByTitle": [Function],
  "rerender": [Function],
  "unmount": [Function],
}
`;
